2025-12-01 14:35:02 INFO - Oracle SQL Developer Data Modeler 24.3.1.347.1153
2026-02-06 10:04:35 INFO - Oracle SQL Developer Data Modeler 24.3.1.347.1153
2026-02-06 10:05:10 SEVERE - FCPConnectionDialog.showConnectionDialog()
oracle.jdeveloper.db.ConnectionException: scott 데이터베이스에 접속할 수 없습니다. 발생한 오류: 데이터베이스에 접속하려는 시도를 사용자가 취소했습니다.
	at oracle.jdeveloper.db.DatabaseConnections.getConnection(DatabaseConnections.java:531)
	at oracle.jdeveloper.db.ConnectionInfo.getConnection(ConnectionInfo.java:181)
	at oracle.dbtools.crest.swingui.wizards.metadata.connection.FCPConnectionDialog.showConnectionDialog(FCPConnectionDialog.java:53)
	at oracle.dbtools.crest.swingui.wizards.metadata.DBMExtractionWizard.showConnectionProperties(DBMExtractionWizard.java:416)
	at oracle.dbtools.crest.swingui.wizards.metadata.DBMExtractionWizard$1.mouseClicked(DBMExtractionWizard.java:267)
	at java.desktop/java.awt.AWTEventMulticaster.mouseClicked(Unknown Source)
	at java.desktop/java.awt.Component.processMouseEvent(Unknown Source)
	at java.desktop/javax.swing.JComponent.processMouseEvent(Unknown Source)
	at java.desktop/java.awt.Component.processEvent(Unknown Source)
	at java.desktop/java.awt.Container.processEvent(Unknown Source)
	at java.desktop/java.awt.Component.dispatchEventImpl(Unknown Source)
	at java.desktop/java.awt.Container.dispatchEventImpl(Unknown Source)
	at java.desktop/java.awt.Component.dispatchEvent(Unknown Source)
	at java.desktop/java.awt.LightweightDispatcher.retargetMouseEvent(Unknown Source)
	at java.desktop/java.awt.LightweightDispatcher.processMouseEvent(Unknown Source)
	at java.desktop/java.awt.LightweightDispatcher.dispatchEvent(Unknown Source)
	at java.desktop/java.awt.Container.dispatchEventImpl(Unknown Source)
	at java.desktop/java.awt.Window.dispatchEventImpl(Unknown Source)
	at java.desktop/java.awt.Component.dispatchEvent(Unknown Source)
	at java.desktop/java.awt.EventQueue.dispatchEventImpl(Unknown Source)
	at java.desktop/java.awt.EventQueue$4.run(Unknown Source)
	at java.desktop/java.awt.EventQueue$4.run(Unknown Source)
	at java.base/java.security.AccessController.doPrivileged(Unknown Source)
	at java.base/java.security.ProtectionDomain$JavaSecurityAccessImpl.doIntersectionPrivilege(Unknown Source)
	at java.base/java.security.ProtectionDomain$JavaSecurityAccessImpl.doIntersectionPrivilege(Unknown Source)
	at java.desktop/java.awt.EventQueue$5.run(Unknown Source)
	at java.desktop/java.awt.EventQueue$5.run(Unknown Source)
	at java.base/java.security.AccessController.doPrivileged(Unknown Source)
	at java.base/java.security.ProtectionDomain$JavaSecurityAccessImpl.doIntersectionPrivilege(Unknown Source)
	at java.desktop/java.awt.EventQueue.dispatchEvent(Unknown Source)
	at oracle.javatools.internal.ui.EventQueueWrapper._dispatchEvent(EventQueueWrapper.java:169)
	at oracle.javatools.internal.ui.EventQueueWrapper.dispatchEvent(EventQueueWrapper.java:151)
	at java.desktop/java.awt.EventDispatchThread.pumpOneEventForFilters(Unknown Source)
	at java.desktop/java.awt.EventDispatchThread.pumpEventsForFilter(Unknown Source)
	at java.desktop/java.awt.EventDispatchThread.pumpEventsForFilter(Unknown Source)
	at java.desktop/java.awt.WaitDispatchSupport$2.run(Unknown Source)
	at java.desktop/java.awt.WaitDispatchSupport$4.run(Unknown Source)
	at java.desktop/java.awt.WaitDispatchSupport$4.run(Unknown Source)
	at java.base/java.security.AccessController.doPrivileged(Unknown Source)
	at java.desktop/java.awt.WaitDispatchSupport.enter(Unknown Source)
	at java.desktop/java.awt.Dialog.show(Unknown Source)
	at java.desktop/java.awt.Component.show(Unknown Source)
	at java.desktop/java.awt.Component.setVisible(Unknown Source)
	at java.desktop/java.awt.Window.setVisible(Unknown Source)
	at java.desktop/java.awt.Dialog.setVisible(Unknown Source)
	at oracle.dbtools.crest.swingui.ControllerApplication$ImportDBMetadata.execute(ControllerApplication.java:1874)
	at oracle.dbtools.crest.swingui.ControllerApplication$ImportDBMetadata.doActionPerformed(ControllerApplication.java:1867)
	at oracle.dbtools.crest.swingui.MDBAction$ActionInvoker.run(MDBAction.java:248)
	at java.desktop/java.awt.event.InvocationEvent.dispatch(Unknown Source)
	at java.desktop/java.awt.EventQueue.dispatchEventImpl(Unknown Source)
	at java.desktop/java.awt.EventQueue$4.run(Unknown Source)
	at java.desktop/java.awt.EventQueue$4.run(Unknown Source)
	at java.base/java.security.AccessController.doPrivileged(Unknown Source)
	at java.base/java.security.ProtectionDomain$JavaSecurityAccessImpl.doIntersectionPrivilege(Unknown Source)
	at java.desktop/java.awt.EventQueue.dispatchEvent(Unknown Source)
	at oracle.javatools.internal.ui.EventQueueWrapper._dispatchEvent(EventQueueWrapper.java:169)
	at oracle.javatools.internal.ui.EventQueueWrapper.dispatchEvent(EventQueueWrapper.java:151)
	at java.desktop/java.awt.EventDispatchThread.pumpOneEventForFilters(Unknown Source)
	at java.desktop/java.awt.EventDispatchThread.pumpEventsForFilter(Unknown Source)
	at java.desktop/java.awt.EventDispatchThread.pumpEventsForHierarchy(Unknown Source)
	at java.desktop/java.awt.EventDispatchThread.pumpEvents(Unknown Source)
	at java.desktop/java.awt.EventDispatchThread.pumpEvents(Unknown Source)
	at java.desktop/java.awt.EventDispatchThread.run(Unknown Source)
Caused by: oracle.dbtools.raptor.utils.ConnectionCanceledException: 데이터베이스에 접속하려는 시도를 사용자가 취소했습니다.
	at oracle.dbtools.raptor.dialogs.conn.ConnectionInfoPanel.promptForConnection(ConnectionInfoPanel.java:162)
	at oracle.dbtools.raptor.dialogs.conn.ConnectionPrompt$DefaultPrompter.promptForPassword(ConnectionPrompt.java:151)
	at oracle.dbtools.connections.db.PasswordPrompter.promptForPassword(PasswordPrompter.java:15)
	at oracle.dbtools.raptor.dialogs.conn.ConnectionPrompt.promptForPassword(ConnectionPrompt.java:202)
	at oracle.dbtools.connections.db.DatabaseProvider.getConnection(DatabaseProvider.java:363)
	at oracle.dbtools.connections.db.DatabaseProvider.getConnection(DatabaseProvider.java:346)
	at oracle.jdevimpl.db.adapter.CAConnectionCreator.createConnectionImpl(CAConnectionCreator.java:52)
	at oracle.javatools.db.DatabaseFactory.createConnection(DatabaseFactory.java:838)
	at oracle.javatools.db.DatabaseFactory.createDatabase(DatabaseFactory.java:282)
	at oracle.jdeveloper.db.DatabaseConnections.getDatabase(DatabaseConnections.java:657)
	at oracle.jdeveloper.db.DatabaseConnections.getDatabase(DatabaseConnections.java:619)
	at oracle.jdeveloper.db.DatabaseConnections.getConnection(DatabaseConnections.java:523)
	... 62 more
